// Jest Snapshot v1, https://goo.gl/fbAQLP

exports[`mixin block tag interpolation 1`] = `
"<span>proof that 
  <block></block></span>
<p>another paragraph</p>"
`;
