// Jest Snapshot v1, https://goo.gl/fbAQLP

exports[`pug-load 1`] = `
Object {
  "filename": "<dirname>/foo.pug",
  "line": 0,
  "nodes": Array [
    Object {
      "column": 1,
      "file": Object {
        "ast": Object {
          "filename": "<dirname>/bar.pug",
          "line": 0,
          "nodes": Array [
            Object {
              "column": 1,
              "filename": "<dirname>/bar.pug",
              "line": 1,
              "mode": "replace",
              "name": "bing",
              "nodes": Array [],
              "type": "NamedBlock",
            },
          ],
          "type": "Block",
        },
        "column": 9,
        "filename": "<dirname>/foo.pug",
        "fullPath": "<dirname>/bar.pug",
        "line": 1,
        "path": "bar.pug",
        "raw": Object {
          "data": Array [
            98,
            108,
            111,
            99,
            107,
            32,
            98,
            105,
            110,
            103,
            10,
          ],
          "type": "Buffer",
        },
        "str": "block bing
",
        "type": "FileReference",
      },
      "filename": "<dirname>/foo.pug",
      "line": 1,
      "type": "Extends",
    },
    Object {
      "column": 1,
      "filename": "<dirname>/foo.pug",
      "line": 3,
      "mode": "replace",
      "name": "bing",
      "nodes": Array [
        Object {
          "block": Object {
            "filename": "<dirname>/foo.pug",
            "line": 4,
            "nodes": Array [],
            "type": "Block",
          },
          "column": 3,
          "file": Object {
            "ast": Object {
              "filename": "<dirname>/bing.pug",
              "line": 0,
              "nodes": Array [
                Object {
                  "attributeBlocks": Array [],
                  "attrs": Array [
                    Object {
                      "column": 1,
                      "filename": "<basedir>/packages/pug-load/test/bing.pug",
                      "line": 1,
                      "mustEscape": false,
                      "name": "class",
                      "val": "'bing'",
                    },
                  ],
                  "block": Object {
                    "filename": "<dirname>/bing.pug",
                    "line": 1,
                    "nodes": Array [
                      Object {
                        "column": 7,
                        "filename": "<dirname>/bing.pug",
                        "line": 1,
                        "type": "Text",
                        "val": "bong",
                      },
                    ],
                    "type": "Block",
                  },
                  "column": 1,
                  "filename": "<dirname>/bing.pug",
                  "isInline": false,
                  "line": 1,
                  "name": "div",
                  "selfClosing": false,
                  "type": "Tag",
                },
              ],
              "type": "Block",
            },
            "column": 11,
            "filename": "<dirname>/foo.pug",
            "fullPath": "<dirname>/bing.pug",
            "line": 4,
            "path": "bing.pug",
            "raw": Object {
              "data": Array [
                46,
                98,
                105,
                110,
                103,
                32,
                98,
                111,
                110,
                103,
                10,
              ],
              "type": "Buffer",
            },
            "str": ".bing bong
",
            "type": "FileReference",
          },
          "filename": "<dirname>/foo.pug",
          "line": 4,
          "type": "Include",
        },
        Object {
          "attributeBlocks": Array [],
          "attrs": Array [],
          "block": Object {
            "filename": "<dirname>/foo.pug",
            "line": 5,
            "nodes": Array [
              Object {
                "column": 5,
                "file": Object {
                  "column": 13,
                  "filename": "<dirname>/foo.pug",
                  "fullPath": "<dirname>/script.js",
                  "line": 6,
                  "path": "script.js",
                  "raw": Object {
                    "data": Array [
                      100,
                      111,
                      99,
                      117,
                      109,
                      101,
                      110,
                      116,
                      46,
                      119,
                      114,
                      105,
                      116,
                      101,
                      40,
                      39,
                      104,
                      101,
                      108,
                      108,
                      111,
                      32,
                      119,
                      111,
                      114,
                      108,
                      100,
                      33,
                      39,
                      41,
                      59,
                      10,
                    ],
                    "type": "Buffer",
                  },
                  "str": "document.write('hello world!');
",
                  "type": "FileReference",
                },
                "filename": "<dirname>/foo.pug",
                "filters": Array [],
                "line": 6,
                "type": "RawInclude",
              },
            ],
            "type": "Block",
          },
          "column": 3,
          "filename": "<dirname>/foo.pug",
          "isInline": false,
          "line": 5,
          "name": "script",
          "selfClosing": false,
          "type": "Tag",
        },
      ],
      "type": "NamedBlock",
    },
  ],
  "type": "Block",
}
`;
