{
  "type": "Block",
  "nodes": [
    {
      "type": "Code",
      "val": "var version = 1449104952939",
      "buffer": false,
      "mustEscape": false,
      "isInline": false,
      "line": 1,
      "filename": "html.tokens.json"
    },
    {
      "type": "Text",
      "val": "<ul>\n<li>foo</li>\n<li>bar</li>\n<li>baz</li>\n</ul>\n<!--build:js /js/app.min.js?v=",
      "filename": "html.tokens.json",
      "line": 3,
      "isHtml": true
    },
    {
      "type": "Code",
      "val": "version",
      "buffer": true,
      "mustEscape": true,
      "isInline": true,
      "line": 9,
      "filename": "html.tokens.json"
    },
    {
      "type": "Text",
      "val": "-->\n<!--endbuild-->",
      "filename": "html.tokens.json",
      "line": 9,
      "isHtml": true
    },
    {
      "type": "Tag",
      "name": "p",
      "selfClosing": false,
      "block": {
        "type": "Block",
        "nodes": [
          {
            "type": "Text",
            "val": "You can <em>embed</em> html as well.",
            "line": 12,
            "filename": "html.tokens.json"
          }
        ],
        "line": 12,
        "filename": "html.tokens.json"
      },
      "attrs": [],
      "attributeBlocks": [],
      "isInline": false,
      "line": 12,
      "filename": "html.tokens.json"
    },
    {
      "type": "Tag",
      "name": "p",
      "selfClosing": false,
      "block": {
        "type": "Block",
        "nodes": [
          {
            "type": "Block",
            "nodes": [
              {
                "type": "Text",
                "val": "<strong>Even</strong> as the body of a block expansion.",
                "filename": "html.tokens.json",
                "line": 13,
                "isHtml": true
              }
            ],
            "line": 13,
            "filename": "html.tokens.json"
          }
        ],
        "line": 13,
        "filename": "html.tokens.json"
      },
      "attrs": [],
      "attributeBlocks": [],
      "isInline": false,
      "line": 13,
      "filename": "html.tokens.json"
    }
  ],
  "line": 0,
  "filename": "html.tokens.json"
}